-- run at: 2026-09-13 01:55:44 +0530  db: dos_qa  file: 08-followup-worker-schedule.sql
#### FOLLOW-UP to 08: did the 00:20 IST nightly finalize run on 13 Sep, and was the worker up at that minute?
BEGIN
           snapshot_at            
----------------------------------
 2026-09-13 01:55:44.536534+05:30
(1 row)

== f08d. pg-boss version and schedules
 version |             cron_on              |              bam_on              |             flow_on              |            reindex_on            | monitor_backoff_on 
---------+----------------------------------+----------------------------------+----------------------------------+----------------------------------+--------------------
      40 | 2026-09-13 01:55:20.574498+05:30 | 2026-09-13 01:54:50.512681+05:30 | 2026-09-13 01:55:41.458871+05:30 | 2026-09-12 12:52:26.354138+05:30 | 
(1 row)

             name              |     cron     |   timezone   |            created_on            |            updated_on            
-------------------------------+--------------+--------------+----------------------------------+----------------------------------
 ai.forecast.sweep             | 10 22 * * *  | UTC          | 2026-09-12 12:51:27.398898+05:30 | 2026-09-13 00:57:50.819407+05:30
 incentives.achievements.sweep | 23 * * * *   | UTC          | 2026-09-12 12:51:27.395458+05:30 | 2026-09-13 00:57:50.776894+05:30
 integrations.sweep            | * * * * *    | UTC          | 2026-09-12 12:51:27.401414+05:30 | 2026-09-13 00:57:50.823223+05:30
 notifications.deliveryToday   | 0 7 * * *    | Asia/Kolkata | 2026-09-12 12:51:27.313438+05:30 | 2026-09-13 00:57:50.668574+05:30
 notifications.dispatch        | * * * * *    | UTC          | 2026-09-12 12:51:27.025153+05:30 | 2026-09-13 00:57:50.652942+05:30
 notifications.duesReminder    | 0 9 * * *    | Asia/Kolkata | 2026-09-12 12:51:27.317386+05:30 | 2026-09-13 00:57:50.702112+05:30
 outbox-relay                  | * * * * *    | UTC          | 2026-09-12 12:51:27.402911+05:30 | 2026-09-13 00:57:50.872572+05:30
 reporting.rollup.finalize     | 50 18 * * *  | UTC          | 2026-09-12 12:51:27.324413+05:30 | 2026-09-13 00:57:50.765195+05:30
 reporting.rollup.schedule     | */15 * * * * | UTC          | 2026-09-12 12:51:27.321946+05:30 | 2026-09-13 00:57:50.748559+05:30
 retention                     | 17 * * * *   | UTC          | 2026-09-12 12:51:27.414805+05:30 | 2026-09-13 00:57:50.929459+05:30
(10 rows)

== f08e. reporting jobs created between 23:30 IST 12 Sep and 01:30 IST 13 Sep (the 15-minute fan-out proves the worker was polling)
           name            |   state   |            created_on            |            started_on            |           completed_on           
---------------------------+-----------+----------------------------------+----------------------------------+----------------------------------
 reporting.rollup.schedule | completed | 2026-09-13 01:00:20.496208+05:30 | 2026-09-13 01:00:20.881988+05:30 | 2026-09-13 01:00:21.096481+05:30
 reporting.rollup.schedule | completed | 2026-09-13 01:15:20.837971+05:30 | 2026-09-13 01:15:21.714942+05:30 | 2026-09-13 01:15:21.733383+05:30
(2 rows)

== f08f. cron sender jobs around the 00:20 IST slot
 name | state | created_on | completed_on | data 
------+-------+------------+--------------+------
(0 rows)

== f08g. every job name ever created, with first and last creation
             name              | count |               min                |               max                
-------------------------------+-------+----------------------------------+----------------------------------
 __pgboss__send-it             |  2034 | 2026-09-12 12:52:26.322018+05:30 | 2026-09-13 01:55:20.581258+05:30
 exports.render                |     8 | 2026-09-12 12:52:33.511094+05:30 | 2026-09-12 12:52:33.537241+05:30
 imports.run                   |     2 | 2026-09-12 20:38:12.748704+05:30 | 2026-09-12 20:38:12.752681+05:30
 incentives.achievements.sweep |    11 | 2026-09-12 12:53:31.301461+05:30 | 2026-09-13 01:53:21.68427+05:30
 integrations.sweep            |   656 | 2026-09-12 12:52:31.496333+05:30 | 2026-09-13 01:55:21.721374+05:30
 notifications.dispatch        |   656 | 2026-09-12 12:52:31.496133+05:30 | 2026-09-13 01:55:21.721447+05:30
 outbox-relay                  |   656 | 2026-09-12 12:52:31.496251+05:30 | 2026-09-13 01:55:21.721504+05:30
 reporting.rollup.schedule     |    44 | 2026-09-12 13:00:26.367644+05:30 | 2026-09-13 01:45:21.504897+05:30
 reporting.rollup.tenant       |   176 | 2026-09-12 13:00:27.592954+05:30 | 2026-09-13 01:45:23.011878+05:30
 retention                     |    11 | 2026-09-12 13:47:08.730991+05:30 | 2026-09-13 01:47:21.551302+05:30
(10 rows)

COMMIT
